[INFO] Scanning for projects...
[INFO] 
[INFO] -----------------------< in.sih:vaspattribution >-----------------------
[INFO] Building vaspattribution 0.0.1-SNAPSHOT
[INFO]   from pom.xml
[INFO] --------------------------------[ jar ]---------------------------------
[INFO] 
[INFO] --- clean:3.4.0:clean (default-clean) @ vaspattribution ---
[INFO] Deleting C:\Users\ASUS\OneDrive\Documents\SIH 2026\Project\SIH-2026\backend\backend\target
[INFO] 
[INFO] --- resources:3.3.1:resources (default-resources) @ vaspattribution ---
[INFO] Copying 3 resources from src\main\resources to target\classes
[INFO] Copying 5 resources from src\main\resources to target\classes
[INFO] 
[INFO] --- compiler:3.13.0:compile (default-compile) @ vaspattribution ---
[INFO] Recompiling the module because of changed source code.
[INFO] Compiling 77 source files with javac [debug parameters release 21] to target\classes
[INFO] -------------------------------------------------------------
[ERROR] COMPILATION ERROR : 
[INFO] -------------------------------------------------------------
[ERROR] /C:/Users/ASUS/OneDrive/Documents/SIH 2026/Project/SIH-2026/backend/backend/src/main/java/in/sih/vaspattribution/auth/controller/AuthController.java:[38,59] cannot find symbol
  symbol:   method builder()
  location: class in.sih.vaspattribution.auth.dto.LoginResponse.UserDto
[ERROR] /C:/Users/ASUS/OneDrive/Documents/SIH 2026/Project/SIH-2026/backend/backend/src/main/java/in/sih/vaspattribution/auth/service/AuthService.java:[29,58] cannot find symbol
  symbol:   method getUsername()
  location: variable request of type in.sih.vaspattribution.auth.dto.LoginRequest
[ERROR] /C:/Users/ASUS/OneDrive/Documents/SIH 2026/Project/SIH-2026/backend/backend/src/main/java/in/sih/vaspattribution/auth/service/AuthService.java:[32,45] cannot find symbol
  symbol:   method getPassword()
  location: variable request of type in.sih.vaspattribution.auth.dto.LoginRequest
[ERROR] /C:/Users/ASUS/OneDrive/Documents/SIH 2026/Project/SIH-2026/backend/backend/src/main/java/in/sih/vaspattribution/auth/service/AuthService.java:[32,65] cannot find symbol
  symbol:   method getPasswordHash()
  location: variable user of type in.sih.vaspattribution.auth.entity.User
[ERROR] /C:/Users/ASUS/OneDrive/Documents/SIH 2026/Project/SIH-2026/backend/backend/src/main/java/in/sih/vaspattribution/auth/service/AuthService.java:[43,30] cannot find symbol
  symbol:   method getId()
  location: variable user of type in.sih.vaspattribution.auth.entity.User
[ERROR] /C:/Users/ASUS/OneDrive/Documents/SIH 2026/Project/SIH-2026/backend/backend/src/main/java/in/sih/vaspattribution/auth/service/AuthService.java:[44,36] cannot find symbol
  symbol:   method getRole()
  location: variable user of type in.sih.vaspattribution.auth.entity.User
[ERROR] /C:/Users/ASUS/OneDrive/Documents/SIH 2026/Project/SIH-2026/backend/backend/src/main/java/in/sih/vaspattribution/auth/service/AuthService.java:[45,40] cannot find symbol
  symbol:   method getUsername()
  location: variable user of type in.sih.vaspattribution.auth.entity.User
[ERROR] /C:/Users/ASUS/OneDrive/Documents/SIH 2026/Project/SIH-2026/backend/backend/src/main/java/in/sih/vaspattribution/auth/service/AuthService.java:[51,29] cannot find symbol
  symbol:   method builder()
  location: class in.sih.vaspattribution.auth.dto.LoginResponse
[ERROR] /C:/Users/ASUS/OneDrive/Documents/SIH 2026/Project/SIH-2026/backend/backend/src/main/java/in/sih/vaspattribution/auth/service/AuthService.java:[55,44] cannot find symbol
  symbol:   method builder()
  location: class in.sih.vaspattribution.auth.dto.LoginResponse.UserDto
[ERROR] /C:/Users/ASUS/OneDrive/Documents/SIH 2026/Project/SIH-2026/backend/backend/src/main/java/in/sih/vaspattribution/auth/service/AuthService.java:[56,33] cannot find symbol
  symbol:   method getId()
  location: variable user of type in.sih.vaspattribution.auth.entity.User
[ERROR] /C:/Users/ASUS/OneDrive/Documents/SIH 2026/Project/SIH-2026/backend/backend/src/main/java/in/sih/vaspattribution/auth/service/AuthService.java:[57,35] cannot find symbol
  symbol:   method getName()
  location: variable user of type in.sih.vaspattribution.auth.entity.User
[ERROR] /C:/Users/ASUS/OneDrive/Documents/SIH 2026/Project/SIH-2026/backend/backend/src/main/java/in/sih/vaspattribution/auth/service/AuthService.java:[58,35] cannot find symbol
  symbol:   method getRole()
  location: variable user of type in.sih.vaspattribution.auth.entity.User
[ERROR] /C:/Users/ASUS/OneDrive/Documents/SIH 2026/Project/SIH-2026/backend/backend/src/main/java/in/sih/vaspattribution/common/ApiResponse.java:[19,16] constructor ApiResponse in class in.sih.vaspattribution.common.ApiResponse<T> cannot be applied to given types;
  required: no arguments
  found:    boolean,T,java.lang.String,<nulltype>
  reason: actual and formal argument lists differ in length
[ERROR] /C:/Users/ASUS/OneDrive/Documents/SIH 2026/Project/SIH-2026/backend/backend/src/main/java/in/sih/vaspattribution/common/ApiResponse.java:[23,16] constructor ApiResponse in class in.sih.vaspattribution.common.ApiResponse<T> cannot be applied to given types;
  required: no arguments
  found:    boolean,T,java.lang.String,<nulltype>
  reason: actual and formal argument lists differ in length
[ERROR] /C:/Users/ASUS/OneDrive/Documents/SIH 2026/Project/SIH-2026/backend/backend/src/main/java/in/sih/vaspattribution/common/ApiResponse.java:[27,16] constructor ApiResponse in class in.sih.vaspattribution.common.ApiResponse<T> cannot be applied to given types;
  required: no arguments
  found:    boolean,<nulltype>,<nulltype>,in.sih.vaspattribution.common.ApiError
  reason: actual and formal argument lists differ in length
[ERROR] /C:/Users/ASUS/OneDrive/Documents/SIH 2026/Project/SIH-2026/backend/backend/src/main/java/in/sih/vaspattribution/blockchain/provider/DeterministicDevelopmentProvider.java:[25,26] cannot find symbol
  symbol:   method builder()
  location: class in.sih.vaspattribution.blockchain.dto.WalletData
[ERROR] /C:/Users/ASUS/OneDrive/Documents/SIH 2026/Project/SIH-2026/backend/backend/src/main/java/in/sih/vaspattribution/blockchain/provider/DeterministicDevelopmentProvider.java:[59,37] cannot find symbol
  symbol:   method builder()
  location: class in.sih.vaspattribution.blockchain.dto.BlockchainTransaction
[ERROR] /C:/Users/ASUS/OneDrive/Documents/SIH 2026/Project/SIH-2026/backend/backend/src/main/java/in/sih/vaspattribution/cases/service/CaseService.java:[35,52] cannot find symbol
  symbol:   method getCaseNumber()
  location: variable request of type in.sih.vaspattribution.cases.dto.CreateCaseRequest
[ERROR] /C:/Users/ASUS/OneDrive/Documents/SIH 2026/Project/SIH-2026/backend/backend/src/main/java/in/sih/vaspattribution/cases/service/CaseService.java:[43,14] cannot find symbol
  symbol:   method setId(java.util.UUID)
  location: variable aCase of type in.sih.vaspattribution.cases.entity.Case
[ERROR] /C:/Users/ASUS/OneDrive/Documents/SIH 2026/Project/SIH-2026/backend/backend/src/main/java/in/sih/vaspattribution/cases/service/CaseService.java:[44,36] cannot find symbol
  symbol:   method getCaseNumber()
  location: variable request of type in.sih.vaspattribution.cases.dto.CreateCaseRequest
[ERROR] /C:/Users/ASUS/OneDrive/Documents/SIH 2026/Project/SIH-2026/backend/backend/src/main/java/in/sih/vaspattribution/cases/service/CaseService.java:[45,31] cannot find symbol
  symbol:   method getTitle()
  location: variable request of type in.sih.vaspattribution.cases.dto.CreateCaseRequest
[ERROR] /C:/Users/ASUS/OneDrive/Documents/SIH 2026/Project/SIH-2026/backend/backend/src/main/java/in/sih/vaspattribution/cases/service/CaseService.java:[46,37] cannot find symbol
  symbol:   method getDescription()
  location: variable request of type in.sih.vaspattribution.cases.dto.CreateCaseRequest
[ERROR] /C:/Users/ASUS/OneDrive/Documents/SIH 2026/Project/SIH-2026/backend/backend/src/main/java/in/sih/vaspattribution/cases/service/CaseService.java:[47,34] cannot find symbol
  symbol:   method getPriority()
  location: variable request of type in.sih.vaspattribution.cases.dto.CreateCaseRequest
[ERROR] /C:/Users/ASUS/OneDrive/Documents/SIH 2026/Project/SIH-2026/backend/backend/src/main/java/in/sih/vaspattribution/cases/service/CaseService.java:[48,14] cannot find symbol
  symbol:   method setStatus(java.lang.String)
  location: variable aCase of type in.sih.vaspattribution.cases.entity.Case
[ERROR] /C:/Users/ASUS/OneDrive/Documents/SIH 2026/Project/SIH-2026/backend/backend/src/main/java/in/sih/vaspattribution/cases/service/CaseService.java:[49,14] cannot find symbol
  symbol:   method setCreatedBy(in.sih.vaspattribution.auth.entity.User)
  location: variable aCase of type in.sih.vaspattribution.cases.entity.Case
[ERROR] /C:/Users/ASUS/OneDrive/Documents/SIH 2026/Project/SIH-2026/backend/backend/src/main/java/in/sih/vaspattribution/cases/service/CaseService.java:[72,83] cannot find symbol
  symbol:   method getChain()
  location: variable request of type in.sih.vaspattribution.cases.dto.AddWalletRequest
[ERROR] /C:/Users/ASUS/OneDrive/Documents/SIH 2026/Project/SIH-2026/backend/backend/src/main/java/in/sih/vaspattribution/cases/service/CaseService.java:[72,103] cannot find symbol
  symbol:   method getAddress()
  location: variable request of type in.sih.vaspattribution.cases.dto.AddWalletRequest
[ERROR] /C:/Users/ASUS/OneDrive/Documents/SIH 2026/Project/SIH-2026/backend/backend/src/main/java/in/sih/vaspattribution/cases/service/CaseService.java:[77,15] cannot find symbol
  symbol:   method setId(java.util.UUID)
  location: variable wallet of type in.sih.vaspattribution.cases.entity.CaseWallet
[ERROR] /C:/Users/ASUS/OneDrive/Documents/SIH 2026/Project/SIH-2026/backend/backend/src/main/java/in/sih/vaspattribution/cases/service/CaseService.java:[78,15] cannot find symbol
  symbol:   method setACase(in.sih.vaspattribution.cases.entity.Case)
  location: variable wallet of type in.sih.vaspattribution.cases.entity.CaseWallet
[ERROR] /C:/Users/ASUS/OneDrive/Documents/SIH 2026/Project/SIH-2026/backend/backend/src/main/java/in/sih/vaspattribution/cases/service/CaseService.java:[79,32] cannot find symbol
  symbol:   method getChain()
  location: variable request of type in.sih.vaspattribution.cases.dto.AddWalletRequest
[ERROR] /C:/Users/ASUS/OneDrive/Documents/SIH 2026/Project/SIH-2026/backend/backend/src/main/java/in/sih/vaspattribution/cases/service/CaseService.java:[80,34] cannot find symbol
  symbol:   method getAddress()
  location: variable request of type in.sih.vaspattribution.cases.dto.AddWalletRequest
[ERROR] /C:/Users/ASUS/OneDrive/Documents/SIH 2026/Project/SIH-2026/backend/backend/src/main/java/in/sih/vaspattribution/cases/service/CaseService.java:[81,32] cannot find symbol
  symbol:   method getLabel()
  location: variable request of type in.sih.vaspattribution.cases.dto.AddWalletRequest
[ERROR] /C:/Users/ASUS/OneDrive/Documents/SIH 2026/Project/SIH-2026/backend/backend/src/main/java/in/sih/vaspattribution/cases/service/CaseService.java:[82,33] cannot find symbol
  symbol:   method getSource()
  location: variable request of type in.sih.vaspattribution.cases.dto.AddWalletRequest
[ERROR] /C:/Users/ASUS/OneDrive/Documents/SIH 2026/Project/SIH-2026/backend/backend/src/main/java/in/sih/vaspattribution/cases/service/CaseService.java:[99,23] cannot find symbol
  symbol:   method builder()
  location: class in.sih.vaspattribution.cases.dto.CaseDto
[ERROR] /C:/Users/ASUS/OneDrive/Documents/SIH 2026/Project/SIH-2026/backend/backend/src/main/java/in/sih/vaspattribution/cases/service/CaseService.java:[100,26] cannot find symbol
  symbol:   method getId()
  location: variable aCase of type in.sih.vaspattribution.cases.entity.Case
[ERROR] /C:/Users/ASUS/OneDrive/Documents/SIH 2026/Project/SIH-2026/backend/backend/src/main/java/in/sih/vaspattribution/cases/service/CaseService.java:[101,34] cannot find symbol
  symbol:   method getCaseNumber()
  location: variable aCase of type in.sih.vaspattribution.cases.entity.Case
[ERROR] /C:/Users/ASUS/OneDrive/Documents/SIH 2026/Project/SIH-2026/backend/backend/src/main/java/in/sih/vaspattribution/cases/service/CaseService.java:[102,29] cannot find symbol
  symbol:   method getTitle()
  location: variable aCase of type in.sih.vaspattribution.cases.entity.Case
[ERROR] /C:/Users/ASUS/OneDrive/Documents/SIH 2026/Project/SIH-2026/backend/backend/src/main/java/in/sih/vaspattribution/cases/service/CaseService.java:[103,35] cannot find symbol
  symbol:   method getDescription()
  location: variable aCase of type in.sih.vaspattribution.cases.entity.Case
[ERROR] /C:/Users/ASUS/OneDrive/Documents/SIH 2026/Project/SIH-2026/backend/backend/src/main/java/in/sih/vaspattribution/cases/service/CaseService.java:[104,32] cannot find symbol
  symbol:   method getPriority()
  location: variable aCase of type in.sih.vaspattribution.cases.entity.Case
[ERROR] /C:/Users/ASUS/OneDrive/Documents/SIH 2026/Project/SIH-2026/backend/backend/src/main/java/in/sih/vaspattribution/cases/service/CaseService.java:[105,30] cannot find symbol
  symbol:   method getStatus()
  location: variable aCase of type in.sih.vaspattribution.cases.entity.Case
[ERROR] /C:/Users/ASUS/OneDrive/Documents/SIH 2026/Project/SIH-2026/backend/backend/src/main/java/in/sih/vaspattribution/cases/service/CaseService.java:[106,33] cannot find symbol
  symbol:   method getCreatedBy()
  location: variable aCase of type in.sih.vaspattribution.cases.entity.Case
[ERROR] /C:/Users/ASUS/OneDrive/Documents/SIH 2026/Project/SIH-2026/backend/backend/src/main/java/in/sih/vaspattribution/cases/service/CaseService.java:[107,33] cannot find symbol
  symbol:   method getCreatedAt()
  location: variable aCase of type in.sih.vaspattribution.cases.entity.Case
[ERROR] /C:/Users/ASUS/OneDrive/Documents/SIH 2026/Project/SIH-2026/backend/backend/src/main/java/in/sih/vaspattribution/cases/service/CaseService.java:[108,33] cannot find symbol
  symbol:   method getUpdatedAt()
  location: variable aCase of type in.sih.vaspattribution.cases.entity.Case
[ERROR] /C:/Users/ASUS/OneDrive/Documents/SIH 2026/Project/SIH-2026/backend/backend/src/main/java/in/sih/vaspattribution/cases/service/CaseService.java:[113,29] cannot find symbol
  symbol:   method builder()
  location: class in.sih.vaspattribution.cases.dto.CaseWalletDto
[ERROR] /C:/Users/ASUS/OneDrive/Documents/SIH 2026/Project/SIH-2026/backend/backend/src/main/java/in/sih/vaspattribution/cases/service/CaseService.java:[114,27] cannot find symbol
  symbol:   method getId()
  location: variable wallet of type in.sih.vaspattribution.cases.entity.CaseWallet
[ERROR] /C:/Users/ASUS/OneDrive/Documents/SIH 2026/Project/SIH-2026/backend/backend/src/main/java/in/sih/vaspattribution/cases/service/CaseService.java:[115,31] cannot find symbol
  symbol:   method getACase()
  location: variable wallet of type in.sih.vaspattribution.cases.entity.CaseWallet
[ERROR] /C:/Users/ASUS/OneDrive/Documents/SIH 2026/Project/SIH-2026/backend/backend/src/main/java/in/sih/vaspattribution/cases/service/CaseService.java:[116,30] cannot find symbol
  symbol:   method getChain()
  location: variable wallet of type in.sih.vaspattribution.cases.entity.CaseWallet
[ERROR] /C:/Users/ASUS/OneDrive/Documents/SIH 2026/Project/SIH-2026/backend/backend/src/main/java/in/sih/vaspattribution/cases/service/CaseService.java:[117,32] cannot find symbol
  symbol:   method getAddress()
  location: variable wallet of type in.sih.vaspattribution.cases.entity.CaseWallet
[ERROR] /C:/Users/ASUS/OneDrive/Documents/SIH 2026/Project/SIH-2026/backend/backend/src/main/java/in/sih/vaspattribution/cases/service/CaseService.java:[118,30] cannot find symbol
  symbol:   method getLabel()
  location: variable wallet of type in.sih.vaspattribution.cases.entity.CaseWallet
[ERROR] /C:/Users/ASUS/OneDrive/Documents/SIH 2026/Project/SIH-2026/backend/backend/src/main/java/in/sih/vaspattribution/cases/service/CaseService.java:[119,31] cannot find symbol
  symbol:   method getSource()
  location: variable wallet of type in.sih.vaspattribution.cases.entity.CaseWallet
[ERROR] /C:/Users/ASUS/OneDrive/Documents/SIH 2026/Project/SIH-2026/backend/backend/src/main/java/in/sih/vaspattribution/cases/service/CaseService.java:[120,34] cannot find symbol
  symbol:   method getCreatedAt()
  location: variable wallet of type in.sih.vaspattribution.cases.entity.CaseWallet
[ERROR] /C:/Users/ASUS/OneDrive/Documents/SIH 2026/Project/SIH-2026/backend/backend/src/main/java/in/sih/vaspattribution/cases/controller/VaspRequestController.java:[33,95] cannot find symbol
  symbol:   method getId()
  location: variable user of type in.sih.vaspattribution.auth.entity.User
[ERROR] /C:/Users/ASUS/OneDrive/Documents/SIH 2026/Project/SIH-2026/backend/backend/src/main/java/in/sih/vaspattribution/cases/service/VaspRequestService.java:[42,69] cannot find symbol
  symbol:   method getEntityId()
  location: variable requestDto of type in.sih.vaspattribution.cases.dto.CreateVaspRequestDto
[ERROR] /C:/Users/ASUS/OneDrive/Documents/SIH 2026/Project/SIH-2026/backend/backend/src/main/java/in/sih/vaspattribution/cases/service/VaspRequestService.java:[43,96] cannot find symbol
  symbol:   method getEntityId()
  location: variable requestDto of type in.sih.vaspattribution.cases.dto.CreateVaspRequestDto
[ERROR] /C:/Users/ASUS/OneDrive/Documents/SIH 2026/Project/SIH-2026/backend/backend/src/main/java/in/sih/vaspattribution/cases/service/VaspRequestService.java:[46,23] cannot find symbol
  symbol:   method getInvestigationId()
  location: variable requestDto of type in.sih.vaspattribution.cases.dto.CreateVaspRequestDto
[ERROR] /C:/Users/ASUS/OneDrive/Documents/SIH 2026/Project/SIH-2026/backend/backend/src/main/java/in/sih/vaspattribution/cases/service/VaspRequestService.java:[47,72] cannot find symbol
  symbol:   method getInvestigationId()
  location: variable requestDto of type in.sih.vaspattribution.cases.dto.CreateVaspRequestDto
[ERROR] /C:/Users/ASUS/OneDrive/Documents/SIH 2026/Project/SIH-2026/backend/backend/src/main/java/in/sih/vaspattribution/cases/service/VaspRequestService.java:[48,103] cannot find symbol
  symbol:   method getInvestigationId()
  location: variable requestDto of type in.sih.vaspattribution.cases.dto.CreateVaspRequestDto
[ERROR] /C:/Users/ASUS/OneDrive/Documents/SIH 2026/Project/SIH-2026/backend/backend/src/main/java/in/sih/vaspattribution/cases/service/VaspRequestService.java:[52,16] cannot find symbol
  symbol:   method setId(java.util.UUID)
  location: variable request of type in.sih.vaspattribution.cases.entity.VaspRequest
[ERROR] /C:/Users/ASUS/OneDrive/Documents/SIH 2026/Project/SIH-2026/backend/backend/src/main/java/in/sih/vaspattribution/cases/service/VaspRequestService.java:[53,16] cannot find symbol
  symbol:   method setACase(in.sih.vaspattribution.cases.entity.Case)
  location: variable request of type in.sih.vaspattribution.cases.entity.VaspRequest
[ERROR] /C:/Users/ASUS/OneDrive/Documents/SIH 2026/Project/SIH-2026/backend/backend/src/main/java/in/sih/vaspattribution/cases/service/VaspRequestService.java:[54,16] cannot find symbol
  symbol:   method setInvestigation(in.sih.vaspattribution.investigation.entity.Investigation)
  location: variable request of type in.sih.vaspattribution.cases.entity.VaspRequest
[ERROR] /C:/Users/ASUS/OneDrive/Documents/SIH 2026/Project/SIH-2026/backend/backend/src/main/java/in/sih/vaspattribution/cases/service/VaspRequestService.java:[55,16] cannot find symbol
  symbol:   method setEntity(in.sih.vaspattribution.entity.entity.VaspEntity)
  location: variable request of type in.sih.vaspattribution.cases.entity.VaspRequest
[ERROR] /C:/Users/ASUS/OneDrive/Documents/SIH 2026/Project/SIH-2026/backend/backend/src/main/java/in/sih/vaspattribution/cases/service/VaspRequestService.java:[56,42] cannot find symbol
  symbol:   method getRequestType()
  location: variable requestDto of type in.sih.vaspattribution.cases.dto.CreateVaspRequestDto
[ERROR] /C:/Users/ASUS/OneDrive/Documents/SIH 2026/Project/SIH-2026/backend/backend/src/main/java/in/sih/vaspattribution/cases/service/VaspRequestService.java:[57,36] cannot find symbol
  symbol:   method getNotes()
  location: variable requestDto of type in.sih.vaspattribution.cases.dto.CreateVaspRequestDto
[ERROR] /C:/Users/ASUS/OneDrive/Documents/SIH 2026/Project/SIH-2026/backend/backend/src/main/java/in/sih/vaspattribution/cases/service/VaspRequestService.java:[58,16] cannot find symbol
  symbol:   method setStatus(java.lang.String)
  location: variable request of type in.sih.vaspattribution.cases.entity.VaspRequest
[ERROR] /C:/Users/ASUS/OneDrive/Documents/SIH 2026/Project/SIH-2026/backend/backend/src/main/java/in/sih/vaspattribution/cases/service/VaspRequestService.java:[59,16] cannot find symbol
  symbol:   method setCreatedBy(in.sih.vaspattribution.auth.entity.User)
  location: variable request of type in.sih.vaspattribution.cases.entity.VaspRequest
[ERROR] /C:/Users/ASUS/OneDrive/Documents/SIH 2026/Project/SIH-2026/backend/backend/src/main/java/in/sih/vaspattribution/cases/service/VaspRequestService.java:[73,30] cannot find symbol
  symbol:   method builder()
  location: class in.sih.vaspattribution.cases.dto.VaspRequestDto
[ERROR] /C:/Users/ASUS/OneDrive/Documents/SIH 2026/Project/SIH-2026/backend/backend/src/main/java/in/sih/vaspattribution/cases/service/VaspRequestService.java:[74,28] cannot find symbol
  symbol:   method getId()
  location: variable request of type in.sih.vaspattribution.cases.entity.VaspRequest
[ERROR] /C:/Users/ASUS/OneDrive/Documents/SIH 2026/Project/SIH-2026/backend/backend/src/main/java/in/sih/vaspattribution/cases/service/VaspRequestService.java:[75,32] cannot find symbol
  symbol:   method getACase()
  location: variable request of type in.sih.vaspattribution.cases.entity.VaspRequest
[ERROR] /C:/Users/ASUS/OneDrive/Documents/SIH 2026/Project/SIH-2026/backend/backend/src/main/java/in/sih/vaspattribution/cases/service/VaspRequestService.java:[76,41] cannot find symbol
  symbol:   method getInvestigation()
  location: variable request of type in.sih.vaspattribution.cases.entity.VaspRequest
[ERROR] /C:/Users/ASUS/OneDrive/Documents/SIH 2026/Project/SIH-2026/backend/backend/src/main/java/in/sih/vaspattribution/cases/service/VaspRequestService.java:[76,78] cannot find symbol
  symbol:   method getInvestigation()
  location: variable request of type in.sih.vaspattribution.cases.entity.VaspRequest
[ERROR] /C:/Users/ASUS/OneDrive/Documents/SIH 2026/Project/SIH-2026/backend/backend/src/main/java/in/sih/vaspattribution/cases/service/VaspRequestService.java:[77,34] cannot find symbol
  symbol:   method getEntity()
  location: variable request of type in.sih.vaspattribution.cases.entity.VaspRequest
[ERROR] /C:/Users/ASUS/OneDrive/Documents/SIH 2026/Project/SIH-2026/backend/backend/src/main/java/in/sih/vaspattribution/cases/service/VaspRequestService.java:[78,36] cannot find symbol
  symbol:   method getEntity()
  location: variable request of type in.sih.vaspattribution.cases.entity.VaspRequest
[ERROR] /C:/Users/ASUS/OneDrive/Documents/SIH 2026/Project/SIH-2026/backend/backend/src/main/java/in/sih/vaspattribution/cases/service/VaspRequestService.java:[79,37] cannot find symbol
  symbol:   method getRequestType()
  location: variable request of type in.sih.vaspattribution.cases.entity.VaspRequest
[ERROR] /C:/Users/ASUS/OneDrive/Documents/SIH 2026/Project/SIH-2026/backend/backend/src/main/java/in/sih/vaspattribution/cases/service/VaspRequestService.java:[80,32] cannot find symbol
  symbol:   method getStatus()
  location: variable request of type in.sih.vaspattribution.cases.entity.VaspRequest
[ERROR] /C:/Users/ASUS/OneDrive/Documents/SIH 2026/Project/SIH-2026/backend/backend/src/main/java/in/sih/vaspattribution/cases/service/VaspRequestService.java:[81,31] cannot find symbol
  symbol:   method getNotes()
  location: variable request of type in.sih.vaspattribution.cases.entity.VaspRequest
[ERROR] /C:/Users/ASUS/OneDrive/Documents/SIH 2026/Project/SIH-2026/backend/backend/src/main/java/in/sih/vaspattribution/cases/service/VaspRequestService.java:[82,35] cannot find symbol
  symbol:   method getCreatedBy()
  location: variable request of type in.sih.vaspattribution.cases.entity.VaspRequest
[ERROR] /C:/Users/ASUS/OneDrive/Documents/SIH 2026/Project/SIH-2026/backend/backend/src/main/java/in/sih/vaspattribution/cases/service/VaspRequestService.java:[82,68] cannot find symbol
  symbol:   method getCreatedBy()
  location: variable request of type in.sih.vaspattribution.cases.entity.VaspRequest
[ERROR] /C:/Users/ASUS/OneDrive/Documents/SIH 2026/Project/SIH-2026/backend/backend/src/main/java/in/sih/vaspattribution/cases/service/VaspRequestService.java:[83,35] cannot find symbol
  symbol:   method getCreatedAt()
  location: variable request of type in.sih.vaspattribution.cases.entity.VaspRequest
[ERROR] /C:/Users/ASUS/OneDrive/Documents/SIH 2026/Project/SIH-2026/backend/backend/src/main/java/in/sih/vaspattribution/cases/service/VaspRequestService.java:[84,35] cannot find symbol
  symbol:   method getUpdatedAt()
  location: variable request of type in.sih.vaspattribution.cases.entity.VaspRequest
[ERROR] /C:/Users/ASUS/OneDrive/Documents/SIH 2026/Project/SIH-2026/backend/backend/src/main/java/in/sih/vaspattribution/common/GlobalExceptionHandler.java:[20,29] constructor ApiError in class in.sih.vaspattribution.common.ApiError cannot be applied to given types;
  required: no arguments
  found:    java.lang.String,java.lang.String
  reason: actual and formal argument lists differ in length
[ERROR] /C:/Users/ASUS/OneDrive/Documents/SIH 2026/Project/SIH-2026/backend/backend/src/main/java/in/sih/vaspattribution/common/GlobalExceptionHandler.java:[26,29] constructor ApiError in class in.sih.vaspattribution.common.ApiError cannot be applied to given types;
  required: no arguments
  found:    java.lang.String,java.lang.String
  reason: actual and formal argument lists differ in length
[ERROR] /C:/Users/ASUS/OneDrive/Documents/SIH 2026/Project/SIH-2026/backend/backend/src/main/java/in/sih/vaspattribution/common/GlobalExceptionHandler.java:[39,29] constructor ApiError in class in.sih.vaspattribution.common.ApiError cannot be applied to given types;
  required: no arguments
  found:    java.lang.String,java.lang.String
  reason: actual and formal argument lists differ in length
[ERROR] /C:/Users/ASUS/OneDrive/Documents/SIH 2026/Project/SIH-2026/backend/backend/src/main/java/in/sih/vaspattribution/common/GlobalExceptionHandler.java:[45,29] constructor ApiError in class in.sih.vaspattribution.common.ApiError cannot be applied to given types;
  required: no arguments
  found:    java.lang.String,java.lang.String
  reason: actual and formal argument lists differ in length
[ERROR] /C:/Users/ASUS/OneDrive/Documents/SIH 2026/Project/SIH-2026/backend/backend/src/main/java/in/sih/vaspattribution/config/DevDataSeeder.java:[31,9] cannot find symbol
  symbol:   variable log
  location: class in.sih.vaspattribution.config.DevDataSeeder
[ERROR] /C:/Users/ASUS/OneDrive/Documents/SIH 2026/Project/SIH-2026/backend/backend/src/main/java/in/sih/vaspattribution/config/DevDataSeeder.java:[35,18] cannot find symbol
  symbol:   method setId(java.util.UUID)
  location: variable admin of type in.sih.vaspattribution.auth.entity.User
[ERROR] /C:/Users/ASUS/OneDrive/Documents/SIH 2026/Project/SIH-2026/backend/backend/src/main/java/in/sih/vaspattribution/config/DevDataSeeder.java:[36,18] cannot find symbol
  symbol:   method setUsername(java.lang.String)
  location: variable admin of type in.sih.vaspattribution.auth.entity.User
[ERROR] /C:/Users/ASUS/OneDrive/Documents/SIH 2026/Project/SIH-2026/backend/backend/src/main/java/in/sih/vaspattribution/config/DevDataSeeder.java:[37,18] cannot find symbol
  symbol:   method setPasswordHash(java.lang.String)
  location: variable admin of type in.sih.vaspattribution.auth.entity.User
[ERROR] /C:/Users/ASUS/OneDrive/Documents/SIH 2026/Project/SIH-2026/backend/backend/src/main/java/in/sih/vaspattribution/config/DevDataSeeder.java:[38,18] cannot find symbol
  symbol:   method setName(java.lang.String)
  location: variable admin of type in.sih.vaspattribution.auth.entity.User
[ERROR] /C:/Users/ASUS/OneDrive/Documents/SIH 2026/Project/SIH-2026/backend/backend/src/main/java/in/sih/vaspattribution/config/DevDataSeeder.java:[39,18] cannot find symbol
  symbol:   method setRole(java.lang.String)
  location: variable admin of type in.sih.vaspattribution.auth.entity.User
[ERROR] /C:/Users/ASUS/OneDrive/Documents/SIH 2026/Project/SIH-2026/backend/backend/src/main/java/in/sih/vaspattribution/config/DevDataSeeder.java:[41,13] cannot find symbol
  symbol:   variable log
  location: class in.sih.vaspattribution.config.DevDataSeeder
[ERROR] /C:/Users/ASUS/OneDrive/Documents/SIH 2026/Project/SIH-2026/backend/backend/src/main/java/in/sih/vaspattribution/config/DevDataSeeder.java:[46,18] cannot find symbol
  symbol:   method setId(java.util.UUID)
  location: variable demoA of type in.sih.vaspattribution.entity.entity.VaspEntity
[ERROR] /C:/Users/ASUS/OneDrive/Documents/SIH 2026/Project/SIH-2026/backend/backend/src/main/java/in/sih/vaspattribution/config/DevDataSeeder.java:[47,18] cannot find symbol
  symbol:   method setName(java.lang.String)
  location: variable demoA of type in.sih.vaspattribution.entity.entity.VaspEntity
[ERROR] /C:/Users/ASUS/OneDrive/Documents/SIH 2026/Project/SIH-2026/backend/backend/src/main/java/in/sih/vaspattribution/config/DevDataSeeder.java:[48,18] cannot find symbol
  symbol:   method setEntityType(java.lang.String)
  location: variable demoA of type in.sih.vaspattribution.entity.entity.VaspEntity
[ERROR] /C:/Users/ASUS/OneDrive/Documents/SIH 2026/Project/SIH-2026/backend/backend/src/main/java/in/sih/vaspattribution/config/DevDataSeeder.java:[49,18] cannot find symbol
  symbol:   method setJurisdiction(java.lang.String)
  location: variable demoA of type in.sih.vaspattribution.entity.entity.VaspEntity
[ERROR] /C:/Users/ASUS/OneDrive/Documents/SIH 2026/Project/SIH-2026/backend/backend/src/main/java/in/sih/vaspattribution/config/DevDataSeeder.java:[53,22] cannot find symbol
  symbol:   method setId(java.util.UUID)
  location: variable demoAAddr of type in.sih.vaspattribution.entity.entity.EntityAddress
[ERROR] /C:/Users/ASUS/OneDrive/Documents/SIH 2026/Project/SIH-2026/backend/backend/src/main/java/in/sih/vaspattribution/config/DevDataSeeder.java:[54,22] cannot find symbol
  symbol:   method setEntity(in.sih.vaspattribution.entity.entity.VaspEntity)
  location: variable demoAAddr of type in.sih.vaspattribution.entity.entity.EntityAddress
[ERROR] /C:/Users/ASUS/OneDrive/Documents/SIH 2026/Project/SIH-2026/backend/backend/src/main/java/in/sih/vaspattribution/config/DevDataSeeder.java:[55,22] cannot find symbol
  symbol:   method setChain(java.lang.String)
  location: variable demoAAddr of type in.sih.vaspattribution.entity.entity.EntityAddress
[ERROR] /C:/Users/ASUS/OneDrive/Documents/SIH 2026/Project/SIH-2026/backend/backend/src/main/java/in/sih/vaspattribution/config/DevDataSeeder.java:[56,22] cannot find symbol
  symbol:   method setAddress(java.lang.String)
  location: variable demoAAddr of type in.sih.vaspattribution.entity.entity.EntityAddress
[ERROR] /C:/Users/ASUS/OneDrive/Documents/SIH 2026/Project/SIH-2026/backend/backend/src/main/java/in/sih/vaspattribution/config/DevDataSeeder.java:[60,18] cannot find symbol
  symbol:   method setId(java.util.UUID)
  location: variable demoB of type in.sih.vaspattribution.entity.entity.VaspEntity
[ERROR] /C:/Users/ASUS/OneDrive/Documents/SIH 2026/Project/SIH-2026/backend/backend/src/main/java/in/sih/vaspattribution/config/DevDataSeeder.java:[61,18] cannot find symbol
  symbol:   method setName(java.lang.String)
  location: variable demoB of type in.sih.vaspattribution.entity.entity.VaspEntity
[INFO] 100 errors 
[INFO] -------------------------------------------------------------
[INFO] ------------------------------------------------------------------------
[INFO] BUILD FAILURE
[INFO] ------------------------------------------------------------------------
[INFO] Total time:  2.404 s
[INFO] Finished at: 2026-09-28T00:13:34+05:30
[INFO] ------------------------------------------------------------------------
[ERROR] Failed to execute goal org.apache.maven.plugins:maven-compiler-plugin:3.13.0:compile (default-compile) on project vaspattribution: Compilation failure: Compilation failure: 
[ERROR] /C:/Users/ASUS/OneDrive/Documents/SIH 2026/Project/SIH-2026/backend/backend/src/main/java/in/sih/vaspattribution/auth/controller/AuthController.java:[38,59] cannot find symbol
[ERROR]   symbol:   method builder()
[ERROR]   location: class in.sih.vaspattribution.auth.dto.LoginResponse.UserDto
[ERROR] /C:/Users/ASUS/OneDrive/Documents/SIH 2026/Project/SIH-2026/backend/backend/src/main/java/in/sih/vaspattribution/auth/service/AuthService.java:[29,58] cannot find symbol
[ERROR]   symbol:   method getUsername()
[ERROR]   location: variable request of type in.sih.vaspattribution.auth.dto.LoginRequest
[ERROR] /C:/Users/ASUS/OneDrive/Documents/SIH 2026/Project/SIH-2026/backend/backend/src/main/java/in/sih/vaspattribution/auth/service/AuthService.java:[32,45] cannot find symbol
[ERROR]   symbol:   method getPassword()
[ERROR]   location: variable request of type in.sih.vaspattribution.auth.dto.LoginRequest
[ERROR] /C:/Users/ASUS/OneDrive/Documents/SIH 2026/Project/SIH-2026/backend/backend/src/main/java/in/sih/vaspattribution/auth/service/AuthService.java:[32,65] cannot find symbol
[ERROR]   symbol:   method getPasswordHash()
[ERROR]   location: variable user of type in.sih.vaspattribution.auth.entity.User
[ERROR] /C:/Users/ASUS/OneDrive/Documents/SIH 2026/Project/SIH-2026/backend/backend/src/main/java/in/sih/vaspattribution/auth/service/AuthService.java:[43,30] cannot find symbol
[ERROR]   symbol:   method getId()
[ERROR]   location: variable user of type in.sih.vaspattribution.auth.entity.User
[ERROR] /C:/Users/ASUS/OneDrive/Documents/SIH 2026/Project/SIH-2026/backend/backend/src/main/java/in/sih/vaspattribution/auth/service/AuthService.java:[44,36] cannot find symbol
[ERROR]   symbol:   method getRole()
[ERROR]   location: variable user of type in.sih.vaspattribution.auth.entity.User
[ERROR] /C:/Users/ASUS/OneDrive/Documents/SIH 2026/Project/SIH-2026/backend/backend/src/main/java/in/sih/vaspattribution/auth/service/AuthService.java:[45,40] cannot find symbol
[ERROR]   symbol:   method getUsername()
[ERROR]   location: variable user of type in.sih.vaspattribution.auth.entity.User
[ERROR] /C:/Users/ASUS/OneDrive/Documents/SIH 2026/Project/SIH-2026/backend/backend/src/main/java/in/sih/vaspattribution/auth/service/AuthService.java:[51,29] cannot find symbol
[ERROR]   symbol:   method builder()
[ERROR]   location: class in.sih.vaspattribution.auth.dto.LoginResponse
[ERROR] /C:/Users/ASUS/OneDrive/Documents/SIH 2026/Project/SIH-2026/backend/backend/src/main/java/in/sih/vaspattribution/auth/service/AuthService.java:[55,44] cannot find symbol
[ERROR]   symbol:   method builder()
[ERROR]   location: class in.sih.vaspattribution.auth.dto.LoginResponse.UserDto
[ERROR] /C:/Users/ASUS/OneDrive/Documents/SIH 2026/Project/SIH-2026/backend/backend/src/main/java/in/sih/vaspattribution/auth/service/AuthService.java:[56,33] cannot find symbol
[ERROR]   symbol:   method getId()
[ERROR]   location: variable user of type in.sih.vaspattribution.auth.entity.User
[ERROR] /C:/Users/ASUS/OneDrive/Documents/SIH 2026/Project/SIH-2026/backend/backend/src/main/java/in/sih/vaspattribution/auth/service/AuthService.java:[57,35] cannot find symbol
[ERROR]   symbol:   method getName()
[ERROR]   location: variable user of type in.sih.vaspattribution.auth.entity.User
[ERROR] /C:/Users/ASUS/OneDrive/Documents/SIH 2026/Project/SIH-2026/backend/backend/src/main/java/in/sih/vaspattribution/auth/service/AuthService.java:[58,35] cannot find symbol
[ERROR]   symbol:   method getRole()
[ERROR]   location: variable user of type in.sih.vaspattribution.auth.entity.User
[ERROR] /C:/Users/ASUS/OneDrive/Documents/SIH 2026/Project/SIH-2026/backend/backend/src/main/java/in/sih/vaspattribution/common/ApiResponse.java:[19,16] constructor ApiResponse in class in.sih.vaspattribution.common.ApiResponse<T> cannot be applied to given types;
[ERROR]   required: no arguments
[ERROR]   found:    boolean,T,java.lang.String,<nulltype>
[ERROR]   reason: actual and formal argument lists differ in length
[ERROR] /C:/Users/ASUS/OneDrive/Documents/SIH 2026/Project/SIH-2026/backend/backend/src/main/java/in/sih/vaspattribution/common/ApiResponse.java:[23,16] constructor ApiResponse in class in.sih.vaspattribution.common.ApiResponse<T> cannot be applied to given types;
[ERROR]   required: no arguments
[ERROR]   found:    boolean,T,java.lang.String,<nulltype>
[ERROR]   reason: actual and formal argument lists differ in length
[ERROR] /C:/Users/ASUS/OneDrive/Documents/SIH 2026/Project/SIH-2026/backend/backend/src/main/java/in/sih/vaspattribution/common/ApiResponse.java:[27,16] constructor ApiResponse in class in.sih.vaspattribution.common.ApiResponse<T> cannot be applied to given types;
[ERROR]   required: no arguments
[ERROR]   found:    boolean,<nulltype>,<nulltype>,in.sih.vaspattribution.common.ApiError
[ERROR]   reason: actual and formal argument lists differ in length
[ERROR] /C:/Users/ASUS/OneDrive/Documents/SIH 2026/Project/SIH-2026/backend/backend/src/main/java/in/sih/vaspattribution/blockchain/provider/DeterministicDevelopmentProvider.java:[25,26] cannot find symbol
[ERROR]   symbol:   method builder()
[ERROR]   location: class in.sih.vaspattribution.blockchain.dto.WalletData
[ERROR] /C:/Users/ASUS/OneDrive/Documents/SIH 2026/Project/SIH-2026/backend/backend/src/main/java/in/sih/vaspattribution/blockchain/provider/DeterministicDevelopmentProvider.java:[59,37] cannot find symbol
[ERROR]   symbol:   method builder()
[ERROR]   location: class in.sih.vaspattribution.blockchain.dto.BlockchainTransaction
[ERROR] /C:/Users/ASUS/OneDrive/Documents/SIH 2026/Project/SIH-2026/backend/backend/src/main/java/in/sih/vaspattribution/cases/service/CaseService.java:[35,52] cannot find symbol
[ERROR]   symbol:   method getCaseNumber()
[ERROR]   location: variable request of type in.sih.vaspattribution.cases.dto.CreateCaseRequest
[ERROR] /C:/Users/ASUS/OneDrive/Documents/SIH 2026/Project/SIH-2026/backend/backend/src/main/java/in/sih/vaspattribution/cases/service/CaseService.java:[43,14] cannot find symbol
[ERROR]   symbol:   method setId(java.util.UUID)
[ERROR]   location: variable aCase of type in.sih.vaspattribution.cases.entity.Case
[ERROR] /C:/Users/ASUS/OneDrive/Documents/SIH 2026/Project/SIH-2026/backend/backend/src/main/java/in/sih/vaspattribution/cases/service/CaseService.java:[44,36] cannot find symbol
[ERROR]   symbol:   method getCaseNumber()
[ERROR]   location: variable request of type in.sih.vaspattribution.cases.dto.CreateCaseRequest
[ERROR] /C:/Users/ASUS/OneDrive/Documents/SIH 2026/Project/SIH-2026/backend/backend/src/main/java/in/sih/vaspattribution/cases/service/CaseService.java:[45,31] cannot find symbol
[ERROR]   symbol:   method getTitle()
[ERROR]   location: variable request of type in.sih.vaspattribution.cases.dto.CreateCaseRequest
[ERROR] /C:/Users/ASUS/OneDrive/Documents/SIH 2026/Project/SIH-2026/backend/backend/src/main/java/in/sih/vaspattribution/cases/service/CaseService.java:[46,37] cannot find symbol
[ERROR]   symbol:   method getDescription()
[ERROR]   location: variable request of type in.sih.vaspattribution.cases.dto.CreateCaseRequest
[ERROR] /C:/Users/ASUS/OneDrive/Documents/SIH 2026/Project/SIH-2026/backend/backend/src/main/java/in/sih/vaspattribution/cases/service/CaseService.java:[47,34] cannot find symbol
[ERROR]   symbol:   method getPriority()
[ERROR]   location: variable request of type in.sih.vaspattribution.cases.dto.CreateCaseRequest
[ERROR] /C:/Users/ASUS/OneDrive/Documents/SIH 2026/Project/SIH-2026/backend/backend/src/main/java/in/sih/vaspattribution/cases/service/CaseService.java:[48,14] cannot find symbol
[ERROR]   symbol:   method setStatus(java.lang.String)
[ERROR]   location: variable aCase of type in.sih.vaspattribution.cases.entity.Case
[ERROR] /C:/Users/ASUS/OneDrive/Documents/SIH 2026/Project/SIH-2026/backend/backend/src/main/java/in/sih/vaspattribution/cases/service/CaseService.java:[49,14] cannot find symbol
[ERROR]   symbol:   method setCreatedBy(in.sih.vaspattribution.auth.entity.User)
[ERROR]   location: variable aCase of type in.sih.vaspattribution.cases.entity.Case
[ERROR] /C:/Users/ASUS/OneDrive/Documents/SIH 2026/Project/SIH-2026/backend/backend/src/main/java/in/sih/vaspattribution/cases/service/CaseService.java:[72,83] cannot find symbol
[ERROR]   symbol:   method getChain()
[ERROR]   location: variable request of type in.sih.vaspattribution.cases.dto.AddWalletRequest
[ERROR] /C:/Users/ASUS/OneDrive/Documents/SIH 2026/Project/SIH-2026/backend/backend/src/main/java/in/sih/vaspattribution/cases/service/CaseService.java:[72,103] cannot find symbol
[ERROR]   symbol:   method getAddress()
[ERROR]   location: variable request of type in.sih.vaspattribution.cases.dto.AddWalletRequest
[ERROR] /C:/Users/ASUS/OneDrive/Documents/SIH 2026/Project/SIH-2026/backend/backend/src/main/java/in/sih/vaspattribution/cases/service/CaseService.java:[77,15] cannot find symbol
[ERROR]   symbol:   method setId(java.util.UUID)
[ERROR]   location: variable wallet of type in.sih.vaspattribution.cases.entity.CaseWallet
[ERROR] /C:/Users/ASUS/OneDrive/Documents/SIH 2026/Project/SIH-2026/backend/backend/src/main/java/in/sih/vaspattribution/cases/service/CaseService.java:[78,15] cannot find symbol
[ERROR]   symbol:   method setACase(in.sih.vaspattribution.cases.entity.Case)
[ERROR]   location: variable wallet of type in.sih.vaspattribution.cases.entity.CaseWallet
[ERROR] /C:/Users/ASUS/OneDrive/Documents/SIH 2026/Project/SIH-2026/backend/backend/src/main/java/in/sih/vaspattribution/cases/service/CaseService.java:[79,32] cannot find symbol
[ERROR]   symbol:   method getChain()
[ERROR]   location: variable request of type in.sih.vaspattribution.cases.dto.AddWalletRequest
[ERROR] /C:/Users/ASUS/OneDrive/Documents/SIH 2026/Project/SIH-2026/backend/backend/src/main/java/in/sih/vaspattribution/cases/service/CaseService.java:[80,34] cannot find symbol
[ERROR]   symbol:   method getAddress()
[ERROR]   location: variable request of type in.sih.vaspattribution.cases.dto.AddWalletRequest
[ERROR] /C:/Users/ASUS/OneDrive/Documents/SIH 2026/Project/SIH-2026/backend/backend/src/main/java/in/sih/vaspattribution/cases/service/CaseService.java:[81,32] cannot find symbol
[ERROR]   symbol:   method getLabel()
[ERROR]   location: variable request of type in.sih.vaspattribution.cases.dto.AddWalletRequest
[ERROR] /C:/Users/ASUS/OneDrive/Documents/SIH 2026/Project/SIH-2026/backend/backend/src/main/java/in/sih/vaspattribution/cases/service/CaseService.java:[82,33] cannot find symbol
[ERROR]   symbol:   method getSource()
[ERROR]   location: variable request of type in.sih.vaspattribution.cases.dto.AddWalletRequest
[ERROR] /C:/Users/ASUS/OneDrive/Documents/SIH 2026/Project/SIH-2026/backend/backend/src/main/java/in/sih/vaspattribution/cases/service/CaseService.java:[99,23] cannot find symbol
[ERROR]   symbol:   method builder()
[ERROR]   location: class in.sih.vaspattribution.cases.dto.CaseDto
[ERROR] /C:/Users/ASUS/OneDrive/Documents/SIH 2026/Project/SIH-2026/backend/backend/src/main/java/in/sih/vaspattribution/cases/service/CaseService.java:[100,26] cannot find symbol
[ERROR]   symbol:   method getId()
[ERROR]   location: variable aCase of type in.sih.vaspattribution.cases.entity.Case
[ERROR] /C:/Users/ASUS/OneDrive/Documents/SIH 2026/Project/SIH-2026/backend/backend/src/main/java/in/sih/vaspattribution/cases/service/CaseService.java:[101,34] cannot find symbol
[ERROR]   symbol:   method getCaseNumber()
[ERROR]   location: variable aCase of type in.sih.vaspattribution.cases.entity.Case
[ERROR] /C:/Users/ASUS/OneDrive/Documents/SIH 2026/Project/SIH-2026/backend/backend/src/main/java/in/sih/vaspattribution/cases/service/CaseService.java:[102,29] cannot find symbol
[ERROR]   symbol:   method getTitle()
[ERROR]   location: variable aCase of type in.sih.vaspattribution.cases.entity.Case
[ERROR] /C:/Users/ASUS/OneDrive/Documents/SIH 2026/Project/SIH-2026/backend/backend/src/main/java/in/sih/vaspattribution/cases/service/CaseService.java:[103,35] cannot find symbol
[ERROR]   symbol:   method getDescription()
[ERROR]   location: variable aCase of type in.sih.vaspattribution.cases.entity.Case
[ERROR] /C:/Users/ASUS/OneDrive/Documents/SIH 2026/Project/SIH-2026/backend/backend/src/main/java/in/sih/vaspattribution/cases/service/CaseService.java:[104,32] cannot find symbol
[ERROR]   symbol:   method getPriority()
[ERROR]   location: variable aCase of type in.sih.vaspattribution.cases.entity.Case
[ERROR] /C:/Users/ASUS/OneDrive/Documents/SIH 2026/Project/SIH-2026/backend/backend/src/main/java/in/sih/vaspattribution/cases/service/CaseService.java:[105,30] cannot find symbol
[ERROR]   symbol:   method getStatus()
[ERROR]   location: variable aCase of type in.sih.vaspattribution.cases.entity.Case
[ERROR] /C:/Users/ASUS/OneDrive/Documents/SIH 2026/Project/SIH-2026/backend/backend/src/main/java/in/sih/vaspattribution/cases/service/CaseService.java:[106,33] cannot find symbol
[ERROR]   symbol:   method getCreatedBy()
[ERROR]   location: variable aCase of type in.sih.vaspattribution.cases.entity.Case
[ERROR] /C:/Users/ASUS/OneDrive/Documents/SIH 2026/Project/SIH-2026/backend/backend/src/main/java/in/sih/vaspattribution/cases/service/CaseService.java:[107,33] cannot find symbol
[ERROR]   symbol:   method getCreatedAt()
[ERROR]   location: variable aCase of type in.sih.vaspattribution.cases.entity.Case
[ERROR] /C:/Users/ASUS/OneDrive/Documents/SIH 2026/Project/SIH-2026/backend/backend/src/main/java/in/sih/vaspattribution/cases/service/CaseService.java:[108,33] cannot find symbol
[ERROR]   symbol:   method getUpdatedAt()
[ERROR]   location: variable aCase of type in.sih.vaspattribution.cases.entity.Case
[ERROR] /C:/Users/ASUS/OneDrive/Documents/SIH 2026/Project/SIH-2026/backend/backend/src/main/java/in/sih/vaspattribution/cases/service/CaseService.java:[113,29] cannot find symbol
[ERROR]   symbol:   method builder()
[ERROR]   location: class in.sih.vaspattribution.cases.dto.CaseWalletDto
[ERROR] /C:/Users/ASUS/OneDrive/Documents/SIH 2026/Project/SIH-2026/backend/backend/src/main/java/in/sih/vaspattribution/cases/service/CaseService.java:[114,27] cannot find symbol
[ERROR]   symbol:   method getId()
[ERROR]   location: variable wallet of type in.sih.vaspattribution.cases.entity.CaseWallet
[ERROR] /C:/Users/ASUS/OneDrive/Documents/SIH 2026/Project/SIH-2026/backend/backend/src/main/java/in/sih/vaspattribution/cases/service/CaseService.java:[115,31] cannot find symbol
[ERROR]   symbol:   method getACase()
[ERROR]   location: variable wallet of type in.sih.vaspattribution.cases.entity.CaseWallet
[ERROR] /C:/Users/ASUS/OneDrive/Documents/SIH 2026/Project/SIH-2026/backend/backend/src/main/java/in/sih/vaspattribution/cases/service/CaseService.java:[116,30] cannot find symbol
[ERROR]   symbol:   method getChain()
[ERROR]   location: variable wallet of type in.sih.vaspattribution.cases.entity.CaseWallet
[ERROR] /C:/Users/ASUS/OneDrive/Documents/SIH 2026/Project/SIH-2026/backend/backend/src/main/java/in/sih/vaspattribution/cases/service/CaseService.java:[117,32] cannot find symbol
[ERROR]   symbol:   method getAddress()
[ERROR]   location: variable wallet of type in.sih.vaspattribution.cases.entity.CaseWallet
[ERROR] /C:/Users/ASUS/OneDrive/Documents/SIH 2026/Project/SIH-2026/backend/backend/src/main/java/in/sih/vaspattribution/cases/service/CaseService.java:[118,30] cannot find symbol
[ERROR]   symbol:   method getLabel()
[ERROR]   location: variable wallet of type in.sih.vaspattribution.cases.entity.CaseWallet
[ERROR] /C:/Users/ASUS/OneDrive/Documents/SIH 2026/Project/SIH-2026/backend/backend/src/main/java/in/sih/vaspattribution/cases/service/CaseService.java:[119,31] cannot find symbol
[ERROR]   symbol:   method getSource()
[ERROR]   location: variable wallet of type in.sih.vaspattribution.cases.entity.CaseWallet
[ERROR] /C:/Users/ASUS/OneDrive/Documents/SIH 2026/Project/SIH-2026/backend/backend/src/main/java/in/sih/vaspattribution/cases/service/CaseService.java:[120,34] cannot find symbol
[ERROR]   symbol:   method getCreatedAt()
[ERROR]   location: variable wallet of type in.sih.vaspattribution.cases.entity.CaseWallet
[ERROR] /C:/Users/ASUS/OneDrive/Documents/SIH 2026/Project/SIH-2026/backend/backend/src/main/java/in/sih/vaspattribution/cases/controller/VaspRequestController.java:[33,95] cannot find symbol
[ERROR]   symbol:   method getId()
[ERROR]   location: variable user of type in.sih.vaspattribution.auth.entity.User
[ERROR] /C:/Users/ASUS/OneDrive/Documents/SIH 2026/Project/SIH-2026/backend/backend/src/main/java/in/sih/vaspattribution/cases/service/VaspRequestService.java:[42,69] cannot find symbol
[ERROR]   symbol:   method getEntityId()
[ERROR]   location: variable requestDto of type in.sih.vaspattribution.cases.dto.CreateVaspRequestDto
[ERROR] /C:/Users/ASUS/OneDrive/Documents/SIH 2026/Project/SIH-2026/backend/backend/src/main/java/in/sih/vaspattribution/cases/service/VaspRequestService.java:[43,96] cannot find symbol
[ERROR]   symbol:   method getEntityId()
[ERROR]   location: variable requestDto of type in.sih.vaspattribution.cases.dto.CreateVaspRequestDto
[ERROR] /C:/Users/ASUS/OneDrive/Documents/SIH 2026/Project/SIH-2026/backend/backend/src/main/java/in/sih/vaspattribution/cases/service/VaspRequestService.java:[46,23] cannot find symbol
[ERROR]   symbol:   method getInvestigationId()
[ERROR]   location: variable requestDto of type in.sih.vaspattribution.cases.dto.CreateVaspRequestDto
[ERROR] /C:/Users/ASUS/OneDrive/Documents/SIH 2026/Project/SIH-2026/backend/backend/src/main/java/in/sih/vaspattribution/cases/service/VaspRequestService.java:[47,72] cannot find symbol
[ERROR]   symbol:   method getInvestigationId()
[ERROR]   location: variable requestDto of type in.sih.vaspattribution.cases.dto.CreateVaspRequestDto
[ERROR] /C:/Users/ASUS/OneDrive/Documents/SIH 2026/Project/SIH-2026/backend/backend/src/main/java/in/sih/vaspattribution/cases/service/VaspRequestService.java:[48,103] cannot find symbol
[ERROR]   symbol:   method getInvestigationId()
[ERROR]   location: variable requestDto of type in.sih.vaspattribution.cases.dto.CreateVaspRequestDto
[ERROR] /C:/Users/ASUS/OneDrive/Documents/SIH 2026/Project/SIH-2026/backend/backend/src/main/java/in/sih/vaspattribution/cases/service/VaspRequestService.java:[52,16] cannot find symbol
[ERROR]   symbol:   method setId(java.util.UUID)
[ERROR]   location: variable request of type in.sih.vaspattribution.cases.entity.VaspRequest
[ERROR] /C:/Users/ASUS/OneDrive/Documents/SIH 2026/Project/SIH-2026/backend/backend/src/main/java/in/sih/vaspattribution/cases/service/VaspRequestService.java:[53,16] cannot find symbol
[ERROR]   symbol:   method setACase(in.sih.vaspattribution.cases.entity.Case)
[ERROR]   location: variable request of type in.sih.vaspattribution.cases.entity.VaspRequest
[ERROR] /C:/Users/ASUS/OneDrive/Documents/SIH 2026/Project/SIH-2026/backend/backend/src/main/java/in/sih/vaspattribution/cases/service/VaspRequestService.java:[54,16] cannot find symbol
[ERROR]   symbol:   method setInvestigation(in.sih.vaspattribution.investigation.entity.Investigation)
[ERROR]   location: variable request of type in.sih.vaspattribution.cases.entity.VaspRequest
[ERROR] /C:/Users/ASUS/OneDrive/Documents/SIH 2026/Project/SIH-2026/backend/backend/src/main/java/in/sih/vaspattribution/cases/service/VaspRequestService.java:[55,16] cannot find symbol
[ERROR]   symbol:   method setEntity(in.sih.vaspattribution.entity.entity.VaspEntity)
[ERROR]   location: variable request of type in.sih.vaspattribution.cases.entity.VaspRequest
[ERROR] /C:/Users/ASUS/OneDrive/Documents/SIH 2026/Project/SIH-2026/backend/backend/src/main/java/in/sih/vaspattribution/cases/service/VaspRequestService.java:[56,42] cannot find symbol
[ERROR]   symbol:   method getRequestType()
[ERROR]   location: variable requestDto of type in.sih.vaspattribution.cases.dto.CreateVaspRequestDto
[ERROR] /C:/Users/ASUS/OneDrive/Documents/SIH 2026/Project/SIH-2026/backend/backend/src/main/java/in/sih/vaspattribution/cases/service/VaspRequestService.java:[57,36] cannot find symbol
[ERROR]   symbol:   method getNotes()
[ERROR]   location: variable requestDto of type in.sih.vaspattribution.cases.dto.CreateVaspRequestDto
[ERROR] /C:/Users/ASUS/OneDrive/Documents/SIH 2026/Project/SIH-2026/backend/backend/src/main/java/in/sih/vaspattribution/cases/service/VaspRequestService.java:[58,16] cannot find symbol
[ERROR]   symbol:   method setStatus(java.lang.String)
[ERROR]   location: variable request of type in.sih.vaspattribution.cases.entity.VaspRequest
[ERROR] /C:/Users/ASUS/OneDrive/Documents/SIH 2026/Project/SIH-2026/backend/backend/src/main/java/in/sih/vaspattribution/cases/service/VaspRequestService.java:[59,16] cannot find symbol
[ERROR]   symbol:   method setCreatedBy(in.sih.vaspattribution.auth.entity.User)
[ERROR]   location: variable request of type in.sih.vaspattribution.cases.entity.VaspRequest
[ERROR] /C:/Users/ASUS/OneDrive/Documents/SIH 2026/Project/SIH-2026/backend/backend/src/main/java/in/sih/vaspattribution/cases/service/VaspRequestService.java:[73,30] cannot find symbol
[ERROR]   symbol:   method builder()
[ERROR]   location: class in.sih.vaspattribution.cases.dto.VaspRequestDto
[ERROR] /C:/Users/ASUS/OneDrive/Documents/SIH 2026/Project/SIH-2026/backend/backend/src/main/java/in/sih/vaspattribution/cases/service/VaspRequestService.java:[74,28] cannot find symbol
[ERROR]   symbol:   method getId()
[ERROR]   location: variable request of type in.sih.vaspattribution.cases.entity.VaspRequest
[ERROR] /C:/Users/ASUS/OneDrive/Documents/SIH 2026/Project/SIH-2026/backend/backend/src/main/java/in/sih/vaspattribution/cases/service/VaspRequestService.java:[75,32] cannot find symbol
[ERROR]   symbol:   method getACase()
[ERROR]   location: variable request of type in.sih.vaspattribution.cases.entity.VaspRequest
[ERROR] /C:/Users/ASUS/OneDrive/Documents/SIH 2026/Project/SIH-2026/backend/backend/src/main/java/in/sih/vaspattribution/cases/service/VaspRequestService.java:[76,41] cannot find symbol
[ERROR]   symbol:   method getInvestigation()
[ERROR]   location: variable request of type in.sih.vaspattribution.cases.entity.VaspRequest
[ERROR] /C:/Users/ASUS/OneDrive/Documents/SIH 2026/Project/SIH-2026/backend/backend/src/main/java/in/sih/vaspattribution/cases/service/VaspRequestService.java:[76,78] cannot find symbol
[ERROR]   symbol:   method getInvestigation()
[ERROR]   location: variable request of type in.sih.vaspattribution.cases.entity.VaspRequest
[ERROR] /C:/Users/ASUS/OneDrive/Documents/SIH 2026/Project/SIH-2026/backend/backend/src/main/java/in/sih/vaspattribution/cases/service/VaspRequestService.java:[77,34] cannot find symbol
[ERROR]   symbol:   method getEntity()
[ERROR]   location: variable request of type in.sih.vaspattribution.cases.entity.VaspRequest
[ERROR] /C:/Users/ASUS/OneDrive/Documents/SIH 2026/Project/SIH-2026/backend/backend/src/main/java/in/sih/vaspattribution/cases/service/VaspRequestService.java:[78,36] cannot find symbol
[ERROR]   symbol:   method getEntity()
[ERROR]   location: variable request of type in.sih.vaspattribution.cases.entity.VaspRequest
[ERROR] /C:/Users/ASUS/OneDrive/Documents/SIH 2026/Project/SIH-2026/backend/backend/src/main/java/in/sih/vaspattribution/cases/service/VaspRequestService.java:[79,37] cannot find symbol
[ERROR]   symbol:   method getRequestType()
[ERROR]   location: variable request of type in.sih.vaspattribution.cases.entity.VaspRequest
[ERROR] /C:/Users/ASUS/OneDrive/Documents/SIH 2026/Project/SIH-2026/backend/backend/src/main/java/in/sih/vaspattribution/cases/service/VaspRequestService.java:[80,32] cannot find symbol
[ERROR]   symbol:   method getStatus()
[ERROR]   location: variable request of type in.sih.vaspattribution.cases.entity.VaspRequest
[ERROR] /C:/Users/ASUS/OneDrive/Documents/SIH 2026/Project/SIH-2026/backend/backend/src/main/java/in/sih/vaspattribution/cases/service/VaspRequestService.java:[81,31] cannot find symbol
[ERROR]   symbol:   method getNotes()
[ERROR]   location: variable request of type in.sih.vaspattribution.cases.entity.VaspRequest
[ERROR] /C:/Users/ASUS/OneDrive/Documents/SIH 2026/Project/SIH-2026/backend/backend/src/main/java/in/sih/vaspattribution/cases/service/VaspRequestService.java:[82,35] cannot find symbol
[ERROR]   symbol:   method getCreatedBy()
[ERROR]   location: variable request of type in.sih.vaspattribution.cases.entity.VaspRequest
[ERROR] /C:/Users/ASUS/OneDrive/Documents/SIH 2026/Project/SIH-2026/backend/backend/src/main/java/in/sih/vaspattribution/cases/service/VaspRequestService.java:[82,68] cannot find symbol
[ERROR]   symbol:   method getCreatedBy()
[ERROR]   location: variable request of type in.sih.vaspattribution.cases.entity.VaspRequest
[ERROR] /C:/Users/ASUS/OneDrive/Documents/SIH 2026/Project/SIH-2026/backend/backend/src/main/java/in/sih/vaspattribution/cases/service/VaspRequestService.java:[83,35] cannot find symbol
[ERROR]   symbol:   method getCreatedAt()
[ERROR]   location: variable request of type in.sih.vaspattribution.cases.entity.VaspRequest
[ERROR] /C:/Users/ASUS/OneDrive/Documents/SIH 2026/Project/SIH-2026/backend/backend/src/main/java/in/sih/vaspattribution/cases/service/VaspRequestService.java:[84,35] cannot find symbol
[ERROR]   symbol:   method getUpdatedAt()
[ERROR]   location: variable request of type in.sih.vaspattribution.cases.entity.VaspRequest
[ERROR] /C:/Users/ASUS/OneDrive/Documents/SIH 2026/Project/SIH-2026/backend/backend/src/main/java/in/sih/vaspattribution/common/GlobalExceptionHandler.java:[20,29] constructor ApiError in class in.sih.vaspattribution.common.ApiError cannot be applied to given types;
[ERROR]   required: no arguments
[ERROR]   found:    java.lang.String,java.lang.String
[ERROR]   reason: actual and formal argument lists differ in length
[ERROR] /C:/Users/ASUS/OneDrive/Documents/SIH 2026/Project/SIH-2026/backend/backend/src/main/java/in/sih/vaspattribution/common/GlobalExceptionHandler.java:[26,29] constructor ApiError in class in.sih.vaspattribution.common.ApiError cannot be applied to given types;
[ERROR]   required: no arguments
[ERROR]   found:    java.lang.String,java.lang.String
[ERROR]   reason: actual and formal argument lists differ in length
[ERROR] /C:/Users/ASUS/OneDrive/Documents/SIH 2026/Project/SIH-2026/backend/backend/src/main/java/in/sih/vaspattribution/common/GlobalExceptionHandler.java:[39,29] constructor ApiError in class in.sih.vaspattribution.common.ApiError cannot be applied to given types;
[ERROR]   required: no arguments
[ERROR]   found:    java.lang.String,java.lang.String
[ERROR]   reason: actual and formal argument lists differ in length
[ERROR] /C:/Users/ASUS/OneDrive/Documents/SIH 2026/Project/SIH-2026/backend/backend/src/main/java/in/sih/vaspattribution/common/GlobalExceptionHandler.java:[45,29] constructor ApiError in class in.sih.vaspattribution.common.ApiError cannot be applied to given types;
[ERROR]   required: no arguments
[ERROR]   found:    java.lang.String,java.lang.String
[ERROR]   reason: actual and formal argument lists differ in length
[ERROR] /C:/Users/ASUS/OneDrive/Documents/SIH 2026/Project/SIH-2026/backend/backend/src/main/java/in/sih/vaspattribution/config/DevDataSeeder.java:[31,9] cannot find symbol
[ERROR]   symbol:   variable log
[ERROR]   location: class in.sih.vaspattribution.config.DevDataSeeder
[ERROR] /C:/Users/ASUS/OneDrive/Documents/SIH 2026/Project/SIH-2026/backend/backend/src/main/java/in/sih/vaspattribution/config/DevDataSeeder.java:[35,18] cannot find symbol
[ERROR]   symbol:   method setId(java.util.UUID)
[ERROR]   location: variable admin of type in.sih.vaspattribution.auth.entity.User
[ERROR] /C:/Users/ASUS/OneDrive/Documents/SIH 2026/Project/SIH-2026/backend/backend/src/main/java/in/sih/vaspattribution/config/DevDataSeeder.java:[36,18] cannot find symbol
[ERROR]   symbol:   method setUsername(java.lang.String)
[ERROR]   location: variable admin of type in.sih.vaspattribution.auth.entity.User
[ERROR] /C:/Users/ASUS/OneDrive/Documents/SIH 2026/Project/SIH-2026/backend/backend/src/main/java/in/sih/vaspattribution/config/DevDataSeeder.java:[37,18] cannot find symbol
[ERROR]   symbol:   method setPasswordHash(java.lang.String)
[ERROR]   location: variable admin of type in.sih.vaspattribution.auth.entity.User
[ERROR] /C:/Users/ASUS/OneDrive/Documents/SIH 2026/Project/SIH-2026/backend/backend/src/main/java/in/sih/vaspattribution/config/DevDataSeeder.java:[38,18] cannot find symbol
[ERROR]   symbol:   method setName(java.lang.String)
[ERROR]   location: variable admin of type in.sih.vaspattribution.auth.entity.User
[ERROR] /C:/Users/ASUS/OneDrive/Documents/SIH 2026/Project/SIH-2026/backend/backend/src/main/java/in/sih/vaspattribution/config/DevDataSeeder.java:[39,18] cannot find symbol
[ERROR]   symbol:   method setRole(java.lang.String)
[ERROR]   location: variable admin of type in.sih.vaspattribution.auth.entity.User
[ERROR] /C:/Users/ASUS/OneDrive/Documents/SIH 2026/Project/SIH-2026/backend/backend/src/main/java/in/sih/vaspattribution/config/DevDataSeeder.java:[41,13] cannot find symbol
[ERROR]   symbol:   variable log
[ERROR]   location: class in.sih.vaspattribution.config.DevDataSeeder
[ERROR] /C:/Users/ASUS/OneDrive/Documents/SIH 2026/Project/SIH-2026/backend/backend/src/main/java/in/sih/vaspattribution/config/DevDataSeeder.java:[46,18] cannot find symbol
[ERROR]   symbol:   method setId(java.util.UUID)
[ERROR]   location: variable demoA of type in.sih.vaspattribution.entity.entity.VaspEntity
[ERROR] /C:/Users/ASUS/OneDrive/Documents/SIH 2026/Project/SIH-2026/backend/backend/src/main/java/in/sih/vaspattribution/config/DevDataSeeder.java:[47,18] cannot find symbol
[ERROR]   symbol:   method setName(java.lang.String)
[ERROR]   location: variable demoA of type in.sih.vaspattribution.entity.entity.VaspEntity
[ERROR] /C:/Users/ASUS/OneDrive/Documents/SIH 2026/Project/SIH-2026/backend/backend/src/main/java/in/sih/vaspattribution/config/DevDataSeeder.java:[48,18] cannot find symbol
[ERROR]   symbol:   method setEntityType(java.lang.String)
[ERROR]   location: variable demoA of type in.sih.vaspattribution.entity.entity.VaspEntity
[ERROR] /C:/Users/ASUS/OneDrive/Documents/SIH 2026/Project/SIH-2026/backend/backend/src/main/java/in/sih/vaspattribution/config/DevDataSeeder.java:[49,18] cannot find symbol
[ERROR]   symbol:   method setJurisdiction(java.lang.String)
[ERROR]   location: variable demoA of type in.sih.vaspattribution.entity.entity.VaspEntity
[ERROR] /C:/Users/ASUS/OneDrive/Documents/SIH 2026/Project/SIH-2026/backend/backend/src/main/java/in/sih/vaspattribution/config/DevDataSeeder.java:[53,22] cannot find symbol
[ERROR]   symbol:   method setId(java.util.UUID)
[ERROR]   location: variable demoAAddr of type in.sih.vaspattribution.entity.entity.EntityAddress
[ERROR] /C:/Users/ASUS/OneDrive/Documents/SIH 2026/Project/SIH-2026/backend/backend/src/main/java/in/sih/vaspattribution/config/DevDataSeeder.java:[54,22] cannot find symbol
[ERROR]   symbol:   method setEntity(in.sih.vaspattribution.entity.entity.VaspEntity)
[ERROR]   location: variable demoAAddr of type in.sih.vaspattribution.entity.entity.EntityAddress
[ERROR] /C:/Users/ASUS/OneDrive/Documents/SIH 2026/Project/SIH-2026/backend/backend/src/main/java/in/sih/vaspattribution/config/DevDataSeeder.java:[55,22] cannot find symbol
[ERROR]   symbol:   method setChain(java.lang.String)
[ERROR]   location: variable demoAAddr of type in.sih.vaspattribution.entity.entity.EntityAddress
[ERROR] /C:/Users/ASUS/OneDrive/Documents/SIH 2026/Project/SIH-2026/backend/backend/src/main/java/in/sih/vaspattribution/config/DevDataSeeder.java:[56,22] cannot find symbol
[ERROR]   symbol:   method setAddress(java.lang.String)
[ERROR]   location: variable demoAAddr of type in.sih.vaspattribution.entity.entity.EntityAddress
[ERROR] /C:/Users/ASUS/OneDrive/Documents/SIH 2026/Project/SIH-2026/backend/backend/src/main/java/in/sih/vaspattribution/config/DevDataSeeder.java:[60,18] cannot find symbol
[ERROR]   symbol:   method setId(java.util.UUID)
[ERROR]   location: variable demoB of type in.sih.vaspattribution.entity.entity.VaspEntity
[ERROR] /C:/Users/ASUS/OneDrive/Documents/SIH 2026/Project/SIH-2026/backend/backend/src/main/java/in/sih/vaspattribution/config/DevDataSeeder.java:[61,18] cannot find symbol
[ERROR]   symbol:   method setName(java.lang.String)
[ERROR]   location: variable demoB of type in.sih.vaspattribution.entity.entity.VaspEntity
[ERROR] -> [Help 1]
[ERROR] 
[ERROR] To see the full stack trace of the errors, re-run Maven with the -e switch.
[ERROR] Re-run Maven using the -X switch to enable full debug logging.
[ERROR] 
[ERROR] For more information about the errors and possible solutions, please read the following articles:
[ERROR] [Help 1] http://cwiki.apache.org/confluence/display/MAVEN/MojoFailureException
